// Jest Snapshot v1, https://goo.gl/fbAQLP

exports[`App component renders App 1`] = `
<DocumentFragment>
  <label
    for="text-control"
  >
    Text
  </label>
  <input
    id="text-control"
    type="text"
    value=""
  />
  <label
    for="background-color-control"
  >
    Background Color
  </label>
  <input
    id="background-color-control"
    type="color"
    value="black"
  />
  <label
    for="color-control"
  >
    Text Color
  </label>
  <input
    id="color-control"
    type="color"
    value="white"
  />
  <div
    data-testid="display"
    style="background-color: black; color: white;"
  />
</DocumentFragment>
`;
